C51 COMPILER V9.57.0.0   1SEG                                                              06/12/2020 14:08:09 PAGE 1   


C51 COMPILER V9.57.0.0, COMPILATION OF MODULE 1SEG
OBJECT MODULE PLACED IN ..\OBJ\1seg.obj
COMPILER INVOKED BY: e:\Keil_v5\C51\BIN\C51.EXE ..\HARDWARE\1seg.c OPTIMIZE(8,SPEED) BROWSE INCDIR(..\HARDWARE) DEBUG OB
                    -JECTEXTEND PRINT(.\Listings\1seg.lst) OBJECT(..\OBJ\1seg.obj)

line level    source

   1          #include "1seg.h"
   2          
   3          #ifdef CA
              // 共阳数码管段选，0 ~ F & . & 空
              u8 code SegSel_CA[] = {0xC0, 0xF9, 0xA4, 0xB0, 0x99, 0x92, 
                                                                0x82, 0xF8, 0x80, 0x90, 0x88, 0x83, 
                                                                0xC6, 0xA1, 0x86, 0x8E, 0x7F, 0xFF};
              #elif defined CC
   9          // 为了方便查阅才写出来，也可以直接CA的段选取反
  10          u8 code SegSel_CC[] = {0x3F, 0x06, 0x5B, 0x4F, 0x66, 0x6D, 
  11                                                            0x7D, 0x07, 0x7F, 0x6F, 0x77, 0x7C, 
  12                                                            0x39, 0x5E, 0x79, 0x71, 0x80, 0x00};  
  13          #endif
  14                                                            
  15          #ifdef CA
              // 选择要显示的数码
              void LED_1Seg_Display(u8 dat, u8 dp)
              {
                      LED_SEG = ~(~SegSel_CA[dat] + (~SegSel_CA[16] * dp));
              }
              
              // 检测逻辑电平
              void LED_1Seg_LogicLevel(u8 dat)
              {
                      // 高电平显示H，低电平显示L
                      LED_SEG = (dat ? 0x89 : 0xC7);
              }
              #elif defined CC
  29          // 选择要显示的数码
  30          void LED_1Seg_Display(u8 dat, u8 dp)
  31          {
  32   1              LED_SEG = SegSel_CC[dat] + (SegSel_CC[16] * dp);
  33   1      }
  34          
  35          // 检测逻辑电平
  36          void LED_1Seg_LogicLevel(u8 dat)
  37          {
  38   1              // 高电平显示H，低电平显示L
  39   1              LED_SEG = (dat ? 0x76 : 0x38);
  40   1      }
  41          #endif


MODULE INFORMATION:   STATIC OVERLAYABLE
   CODE SIZE        =     30    ----
   CONSTANT SIZE    =     18    ----
   XDATA SIZE       =   ----    ----
   PDATA SIZE       =   ----    ----
   DATA SIZE        =   ----    ----
   IDATA SIZE       =   ----    ----
   BIT SIZE         =   ----    ----
END OF MODULE INFORMATION.


C51 COMPILATION COMPLETE.  0 WARNING(S),  0 ERROR(S)
