C51 COMPILER V9.57.0.0   8SEG_MAIN                                                         06/12/2020 14:08:22 PAGE 1   


C51 COMPILER V9.57.0.0, COMPILATION OF MODULE 8SEG_MAIN
OBJECT MODULE PLACED IN ..\OBJ\8seg_main.obj
COMPILER INVOKED BY: e:\Keil_v5\C51\BIN\C51.EXE 8seg_main.c OPTIMIZE(8,SPEED) BROWSE INCDIR(..\HARDWARE) DEBUG OBJECTEXT
                    -END PRINT(.\Listings\8seg_main.lst) OBJECT(..\OBJ\8seg_main.obj)

line level    source

   1          #include <reg52.h>
   2          #include "8seg.h"
   3          
   4          // 定义常用类型
   5          #ifndef u8
              #define u8 unsigned char
              #endif
   8          #ifndef u16
              #define u16  unsigned int
              #endif
  11          
  12          // 显示一位最低位，0 ~ F，小数点闪烁
  13          void Dis1Bit()
  14          {
  15   1              u8 i, disCode[8] = "        ";
  16   1              u16 t;
  17   1              
  18   1              for(i = 0; i < 16; i++)
  19   1              {
  20   2                      if(i >= 0 && i <= 9) disCode[7] = '0' + i;
  21   2                      else                             disCode[7] = 'A' + i - 10;
  22   2                      
  23   2                      // 这个for循环用来延时
  24   2                      for(t = 200; t > 0; t--)
  25   2                      {
  26   3                              LED_8Seg_Display(disCode, !(i % 2 == 0));
  27   3                      }
  28   2              }
  29   1      }
  30          
  31          // 显示全部位，0 ~ F，小数点闪烁
  32          void Dis8Bit()
  33          {
  34   1              u8 i, disCode[8];
  35   1              u16 t;
  36   1              
  37   1              for(i = 0; i < 16; i++)
  38   1              {
  39   2                      if(i >= 0 && i <= 9)
  40   2                      {
  41   3                              for(t = 0; t < 8; t++) disCode[t] = '0' + i;
  42   3                      }
  43   2                      else
  44   2                      {
  45   3                              for(t = 0; t < 8; t++) disCode[t] = 'A' + i - 10;
  46   3                      }       
  47   2                      
  48   2                      // 这个for循环用来延时
  49   2                      for(t = 200; t > 0; t--)
  50   2                      {
  51   3                              LED_8Seg_Display(disCode, (i % 2 == 0 ? 0x00 : 0xFF));
  52   3                      }
  53   2              }
  54   1      }
C51 COMPILER V9.57.0.0   8SEG_MAIN                                                         06/12/2020 14:08:22 PAGE 2   

  55          
  56          void main()
  57          {
  58   1              while(1)
  59   1              {
  60   2                      Dis1Bit();
  61   2                      Dis8Bit();
  62   2              }
  63   1      }


MODULE INFORMATION:   STATIC OVERLAYABLE
   CODE SIZE        =    258    ----
   CONSTANT SIZE    =      8    ----
   XDATA SIZE       =   ----    ----
   PDATA SIZE       =   ----    ----
   DATA SIZE        =   ----      22
   IDATA SIZE       =   ----    ----
   BIT SIZE         =   ----    ----
END OF MODULE INFORMATION.


C51 COMPILATION COMPLETE.  0 WARNING(S),  0 ERROR(S)
