C51 COMPILER V9.57.0.0   KEY_CLASSIC                                                       05/30/2020 17:08:07 PAGE 1   


C51 COMPILER V9.57.0.0, COMPILATION OF MODULE KEY_CLASSIC
OBJECT MODULE PLACED IN ..\OBJ\key_classic.obj
COMPILER INVOKED BY: e:\Keil_v5\C51\BIN\C51.EXE ..\HARDWARE\key_classic.c OPTIMIZE(8,SPEED) BROWSE INCDIR(..\HARDWARE) D
                    -EBUG OBJECTEXTEND PRINT(.\Listings\key_classic.lst) OBJECT(..\OBJ\key_classic.obj)

line level    source

   1          #include "key_classic.h"
   2          
   3          void KeyDelay_Classic(uint t)
   4          {
   5   1              while(t--);
   6   1      }
   7          
   8          // 普通的按键程序——效果其实也不错
   9          uchar KeyScan_Classic()
  10          {
  11   1              uchar i, keyVal = 0;
  12   1              
  13   1              for(i = 0; i < 8; i++)
  14   1              {
  15   2                      if((KEYS >> i & 0x01) == 0)
  16   2                      {
  17   3                              KeyDelay_Classic(1000);
  18   3                              if((KEYS >> i & 0x01) == 0) keyVal = i + 1;
  19   3                              while((KEYS >> i & 0x01) == 0);
  20   3                      }
  21   2              }
  22   1              
  23   1              return keyVal;
  24   1      }


MODULE INFORMATION:   STATIC OVERLAYABLE
   CODE SIZE        =     73    ----
   CONSTANT SIZE    =   ----    ----
   XDATA SIZE       =   ----    ----
   PDATA SIZE       =   ----    ----
   DATA SIZE        =   ----    ----
   IDATA SIZE       =   ----    ----
   BIT SIZE         =   ----    ----
END OF MODULE INFORMATION.


C51 COMPILATION COMPLETE.  0 WARNING(S),  0 ERROR(S)
